src/contexts/AuthContext.tsx:        console.error("Profile fetch error:", err.message || safeStringify(err));
src/contexts/AuthContext.tsx:        console.error("Hotel fetch error:", err.message || safeStringify(err));
src/contexts/AuthContext.tsx:        console.error("System settings fetch error:", err.message || safeStringify(err));
src/components/OnboardingTour.tsx:      console.error("Failed to complete onboarding:", err.message || safeStringify(err));
src/components/Finance.tsx:      console.error("Sync charges error:", err.message || safeStringify(err));
src/components/Finance.tsx:      console.error(err);
src/components/Finance.tsx:      console.error('Error in handleAddSupplier:', err.message || safeStringify(err));
src/components/Finance.tsx:      console.error('Error in handleCreateAccount:', err.message || safeStringify(err));
src/components/Finance.tsx:      console.error('Error in handleCreatePO:', err.message || safeStringify(err));
src/components/ErrorBoundary.tsx:    console.error('Uncaught error:', error.message || String(error), safeStringify(errorInfo));
src/components/StaffManagement.tsx:      console.error("Add staff error:", err.message || safeStringify(err));
src/components/StaffManagement.tsx:      console.error("Remove staff error:", err.message || safeStringify(err));
src/components/StaffManagement.tsx:      console.error("Reset password error:", err.message || safeStringify(err));
src/components/Notifications.tsx:      console.error('Error marking all as read:', err.message || safeStringify(err));
src/components/Notifications.tsx:    console.error('Error creating notification:', err.message || safeStringify(err));
src/components/Settings.tsx:      console.error("Save taxes error:", err.message || safeStringify(err));
src/components/Settings.tsx:      console.error("Change password error:", err.message || safeStringify(err));
src/components/Settings.tsx:      console.error("Save profile error:", err.message || safeStringify(err));
src/components/Settings.tsx:      console.error("Save hotel error:", err.message || safeStringify(err));
src/components/Settings.tsx:      console.error("Save branding error:", err.message || safeStringify(err));
src/components/Settings.tsx:      console.error("Reset password error:", err.message || safeStringify(err));
src/components/Settings.tsx:      console.error("System reset error:", err.message || safeStringify(err));
src/components/SuperAdmin.tsx:          console.error("Failed to update tracking code plan:", err.message || safeStringify(err));
src/components/Reports.tsx:        console.error("Error fetching report data:", err.message || safeStringify(err));
src/components/FandB.tsx:      console.error('Error in handleAddOrder:', err.message || safeStringify(err));
src/components/GuestFolio.tsx:      console.error("Settle payment error:", err.message || safeStringify(err));
src/components/GuestFolio.tsx:      console.error("Settle overpayment error:", err.message || safeStringify(err));
src/components/GuestFolio.tsx:      console.error("Transfer error:", err.message || safeStringify(err));
src/components/GuestFolio.tsx:      console.error("Delete error:", err.message || safeStringify(err));
src/components/FrontDesk.tsx:      console.error("Booking error:", err.message || safeStringify(err));
src/components/FrontDesk.tsx:      console.error("Delete reservation error:", err.message || safeStringify(err));
src/components/FrontDesk.tsx:      console.error("Edit reservation error:", err.message || safeStringify(err));
src/components/FrontDesk.tsx:      console.error("Confirm action error:", err.message || safeStringify(err));
src/components/FrontDesk.tsx:      console.error("Audit error:", err.message || safeStringify(err));
src/components/FrontDesk.tsx:      console.error("Update status error:", err.message || safeStringify(err));
src/components/FrontDesk.tsx:      console.error("Payment update error:", err.message || safeStringify(err));
src/firebase.ts:  console.error('Firestore Error:', stringifiedErr);
src/firebase.ts:      console.error("Please check your Firebase configuration. The client is offline.");
